XXXXXXXXXXXXXXXXXXXXXXXXXXXXN
MH
NT

--- end of output ---
--- std error ---
