K
FRED
JF
LARI

--- end of output ---
--- std error ---
